// Jest Snapshot v1, https://goo.gl/fbAQLP

exports[`GenericDropDown renders correctly 1`] = `
<div>
  <div
    class="flex items-center"
  >
    <span
      class="mr-1 text-sm"
    >
      Label
    </span>
    <select
      class="border border-gray-300 rounded px-1 py-1 text-sm"
    >
      <option
        value="foo"
      >
        Foo
      </option>
      <option
        value="bar"
      >
        Bar
      </option>
      <option
        value="baz"
      >
        Baz
      </option>
    </select>
  </div>
</div>
`;
