// Jest Snapshot v1, https://goo.gl/fbAQLP

exports[`ResetPasswordForm renders correctly 1`] = `
<DocumentFragment>
  <form
    class="grid gap-4"
  >
    <div
      class="space-y-2"
    >
      <label
        class="text-sm font-medium leading-none peer-disabled:cursor-not-allowed peer-disabled:opacity-70"
        for=":r0:-form-item"
      >
        New Password
      </label>
      <div
        class="relative"
      >
        <input
          aria-describedby=":r0:-form-item-description"
          aria-invalid="false"
          class="flex h-9 w-full rounded-md border border-input bg-transparent px-3 py-1 text-sm shadow-sm transition-colors file:border-0 file:bg-transparent file:text-sm file:font-medium placeholder:text-muted-foreground focus-visible:outline-none focus-visible:ring-1 focus-visible:ring-ring disabled:cursor-not-allowed disabled:opacity-50 pr-10"
          id=":r0:-form-item"
          name="password"
          placeholder="**********"
          type="password"
          value=""
        />
        <button
          class="inline-flex items-center justify-center font-medium transition-colors focus-visible:outline-none focus-visible:ring-1 focus-visible:ring-ring disabled:pointer-events-none disabled:opacity-50 hover:text-accent-foreground rounded-md text-xs absolute right-0 top-0 h-full px-3 py-1 hover:bg-transparent"
          disabled=""
          type="button"
        >
          <svg
            aria-hidden="true"
            class="size-4"
            fill="none"
            height="15"
            viewBox="0 0 15 15"
            width="15"
            xmlns="http://www.w3.org/2000/svg"
          >
            <path
              clip-rule="evenodd"
              d="M7.5 11C4.80285 11 2.52952 9.62184 1.09622 7.50001C2.52952 5.37816 4.80285 4 7.5 4C10.1971 4 12.4705 5.37816 13.9038 7.50001C12.4705 9.62183 10.1971 11 7.5 11ZM7.5 3C4.30786 3 1.65639 4.70638 0.0760002 7.23501C-0.0253338 7.39715 -0.0253334 7.60288 0.0760014 7.76501C1.65639 10.2936 4.30786 12 7.5 12C10.6921 12 13.3436 10.2936 14.924 7.76501C15.0253 7.60288 15.0253 7.39715 14.924 7.23501C13.3436 4.70638 10.6921 3 7.5 3ZM7.5 9.5C8.60457 9.5 9.5 8.60457 9.5 7.5C9.5 6.39543 8.60457 5.5 7.5 5.5C6.39543 5.5 5.5 6.39543 5.5 7.5C5.5 8.60457 6.39543 9.5 7.5 9.5Z"
              fill="currentColor"
              fill-rule="evenodd"
            />
          </svg>
          <span
            class="sr-only"
          >
            Show password
          </span>
        </button>
      </div>
    </div>
    <div
      class="space-y-2"
    >
      <label
        class="text-sm font-medium leading-none peer-disabled:cursor-not-allowed peer-disabled:opacity-70"
        for=":r1:-form-item"
      >
        Confirm New Password
      </label>
      <div
        class="relative"
      >
        <input
          aria-describedby=":r1:-form-item-description"
          aria-invalid="false"
          class="flex h-9 w-full rounded-md border border-input bg-transparent px-3 py-1 text-sm shadow-sm transition-colors file:border-0 file:bg-transparent file:text-sm file:font-medium placeholder:text-muted-foreground focus-visible:outline-none focus-visible:ring-1 focus-visible:ring-ring disabled:cursor-not-allowed disabled:opacity-50 pr-10"
          id=":r1:-form-item"
          name="confirmPassword"
          placeholder="**********"
          type="password"
          value=""
        />
        <button
          class="inline-flex items-center justify-center font-medium transition-colors focus-visible:outline-none focus-visible:ring-1 focus-visible:ring-ring disabled:pointer-events-none disabled:opacity-50 hover:text-accent-foreground rounded-md text-xs absolute right-0 top-0 h-full px-3 py-1 hover:bg-transparent"
          disabled=""
          type="button"
        >
          <svg
            aria-hidden="true"
            class="size-4"
            fill="none"
            height="15"
            viewBox="0 0 15 15"
            width="15"
            xmlns="http://www.w3.org/2000/svg"
          >
            <path
              clip-rule="evenodd"
              d="M7.5 11C4.80285 11 2.52952 9.62184 1.09622 7.50001C2.52952 5.37816 4.80285 4 7.5 4C10.1971 4 12.4705 5.37816 13.9038 7.50001C12.4705 9.62183 10.1971 11 7.5 11ZM7.5 3C4.30786 3 1.65639 4.70638 0.0760002 7.23501C-0.0253338 7.39715 -0.0253334 7.60288 0.0760014 7.76501C1.65639 10.2936 4.30786 12 7.5 12C10.6921 12 13.3436 10.2936 14.924 7.76501C15.0253 7.60288 15.0253 7.39715 14.924 7.23501C13.3436 4.70638 10.6921 3 7.5 3ZM7.5 9.5C8.60457 9.5 9.5 8.60457 9.5 7.5C9.5 6.39543 8.60457 5.5 7.5 5.5C6.39543 5.5 5.5 6.39543 5.5 7.5C5.5 8.60457 6.39543 9.5 7.5 9.5Z"
              fill="currentColor"
              fill-rule="evenodd"
            />
          </svg>
          <span
            class="sr-only"
          >
            Show password
          </span>
        </button>
      </div>
    </div>
    <button
      class="inline-flex items-center justify-center rounded-md text-sm font-medium transition-colors focus-visible:outline-none focus-visible:ring-1 focus-visible:ring-ring disabled:pointer-events-none disabled:opacity-50 bg-primary text-primary-foreground shadow hover:bg-primary/90 h-9 px-4 py-2"
    >
      Reset Password
      <span
        class="sr-only"
      >
        Reset password
      </span>
    </button>
  </form>
</DocumentFragment>
`;
